// Jest Snapshot v1, https://goo.gl/fbAQLP

exports[`>>>C O M P O N E N T S --- snapshot test for ArticleSearchView +++ ArticleSearchView match with snapshot  1`] = `
<div>
  <div
    className="sc-bdVaJa bhLhcS"
  >
    <span
      className="sc-bwzfXH gCtkdg"
    >
      <a
        href="/"
        onClick={[Function]}
      >
         
         
      </a>
        
       &gt; 
        
      <a />
    </span>
  </div>
  <div
    style={
      Object {
        "marginBottom": "30px",
        "textAlign": "center",
      }
    }
  >
    <ul
      className="pagination"
    >
      <li
        className="disabled"
        style={undefined}
      >
        <a
          href="#"
          onClick={[Function]}
          role="button"
          style={
            Object {
              "pointerEvents": "none",
            }
          }
          tabIndex={-1}
        >
          <span
            aria-label="First"
          >
            «
          </span>
        </a>
      </li>
      <li
        className="disabled"
        style={undefined}
      >
        <a
          href="#"
          onClick={[Function]}
          role="button"
          style={
            Object {
              "pointerEvents": "none",
            }
          }
          tabIndex={-1}
        >
          <span
            aria-label="Previous"
          >
            ‹
          </span>
        </a>
      </li>
      <li
        className="disabled"
        style={undefined}
      >
        <a
          href="#"
          onClick={[Function]}
          role="button"
          style={
            Object {
              "pointerEvents": "none",
            }
          }
          tabIndex={-1}
        >
          <span
            aria-label="Next"
          >
            ›
          </span>
        </a>
      </li>
      <li
        className="disabled"
        style={undefined}
      >
        <a
          href="#"
          onClick={[Function]}
          role="button"
          style={
            Object {
              "pointerEvents": "none",
            }
          }
          tabIndex={-1}
        >
          <span
            aria-label="Last"
          >
            »
          </span>
        </a>
      </li>
    </ul>
  </div>
</div>
`;
