// Jest Snapshot v1, https://goo.gl/fbAQLP

exports[`>>>C O M P O N E N T S --- snapshot test for ByLinePublishTimeSection +++ ByLinePublishTimeSection match with snapshot  1`] = `
<h5
  style={
    Object {
      "marginBottom": "0px",
    }
  }
>
  <span
    className="author-info"
  >
    RPatel
  </span>
    
  <span
    className="published-time"
  >
    August 17  - 05:00 AM
  </span>
</h5>
`;
